
> photoframe-frontend@1.0.0 build
> vite build

[36mvite v5.4.21 [32mbuilding for production...[36m[39m
transforming...
[32m✓[39m 12723 modules transformed.
rendering chunks...
computing gzip size...
[2mdist/[22m[32mindex.html                                   [39m[1m[2m  0.80 kB[22m[1m[22m[2m │ gzip:   0.45 kB[22m
[2mdist/[22m[36massets/visuallyHidden-Dan1xhjv.js            [39m[1m[2m  0.16 kB[22m[1m[22m[2m │ gzip:   0.15 kB[22m
[2mdist/[22m[36massets/Remove-DLbF2yFM.js                    [39m[1m[2m  0.24 kB[22m[1m[22m[2m │ gzip:   0.22 kB[22m
[2mdist/[22m[36massets/Add-CqYm3-Hk.js                       [39m[1m[2m  0.25 kB[22m[1m[22m[2m │ gzip:   0.23 kB[22m
[2mdist/[22m[36massets/ChevronRight-CpL14b4b.js              [39m[1m[2m  0.28 kB[22m[1m[22m[2m │ gzip:   0.25 kB[22m
[2mdist/[22m[36massets/ArrowBack-BC5lpOvb.js                 [39m[1m[2m  0.29 kB[22m[1m[22m[2m │ gzip:   0.24 kB[22m
[2mdist/[22m[36massets/Delete-BfSjn5cj.js                    [39m[1m[2m  0.30 kB[22m[1m[22m[2m │ gzip:   0.26 kB[22m
[2mdist/[22m[36massets/Edit-Dthb5I8E.js                      [39m[1m[2m  0.36 kB[22m[1m[22m[2m │ gzip:   0.28 kB[22m
[2mdist/[22m[36massets/PhotoLibrary-DHsM7NQL.js              [39m[1m[2m  0.37 kB[22m[1m[22m[2m │ gzip:   0.29 kB[22m
[2mdist/[22m[36massets/Inventory-D9VIcJd8.js                 [39m[1m[2m  0.39 kB[22m[1m[22m[2m │ gzip:   0.31 kB[22m
[2mdist/[22m[36massets/CloudUpload-CMEnLYrW.js               [39m[1m[2m  0.41 kB[22m[1m[22m[2m │ gzip:   0.32 kB[22m
[2mdist/[22m[36massets/Visibility-BJR0it2d.js                [39m[1m[2m  0.44 kB[22m[1m[22m[2m │ gzip:   0.32 kB[22m
[2mdist/[22m[36massets/LocalShipping-BZbP43_e.js             [39m[1m[2m  0.51 kB[22m[1m[22m[2m │ gzip:   0.32 kB[22m
[2mdist/[22m[36massets/AutoFixHigh-D7Qw-Bzm.js               [39m[1m[2m  0.58 kB[22m[1m[22m[2m │ gzip:   0.38 kB[22m
[2mdist/[22m[36massets/Card-BG8NLFE4.js                      [39m[1m[2m  0.58 kB[22m[1m[22m[2m │ gzip:   0.39 kB[22m
[2mdist/[22m[36massets/ColorLens-dniY1Z_3.js                 [39m[1m[2m  0.68 kB[22m[1m[22m[2m │ gzip:   0.41 kB[22m
[2mdist/[22m[36massets/index-DuRaiyWv.js                     [39m[1m[2m  0.79 kB[22m[1m[22m[2m │ gzip:   0.51 kB[22m
[2mdist/[22m[36massets/use-transform-DK2KQFhf.js             [39m[1m[2m  0.98 kB[22m[1m[22m[2m │ gzip:   0.56 kB[22m
[2mdist/[22m[36massets/ErrorState-zrb_GCLZ.js                [39m[1m[2m  1.36 kB[22m[1m[22m[2m │ gzip:   0.77 kB[22m
[2mdist/[22m[36massets/LoadingState-B85-ufIG.js              [39m[1m[2m  1.42 kB[22m[1m[22m[2m │ gzip:   0.53 kB[22m
[2mdist/[22m[36massets/UiverseCartButton-8Mmew_qJ.js         [39m[1m[2m  1.51 kB[22m[1m[22m[2m │ gzip:   0.70 kB[22m
[2mdist/[22m[36massets/RoundedBox-CLcurn6i.js                [39m[1m[2m  1.88 kB[22m[1m[22m[2m │ gzip:   0.95 kB[22m
[2mdist/[22m[36massets/Register-iDFPuVB9.js                  [39m[1m[2m  1.98 kB[22m[1m[22m[2m │ gzip:   1.01 kB[22m
[2mdist/[22m[36massets/index-6OGesuG_.js                     [39m[1m[2m  2.09 kB[22m[1m[22m[2m │ gzip:   1.04 kB[22m
[2mdist/[22m[36massets/SwitchBase-Tckavtyq.js                [39m[1m[2m  2.11 kB[22m[1m[22m[2m │ gzip:   1.07 kB[22m
[2mdist/[22m[36massets/Login-CwdAdfD7.js                     [39m[1m[2m  2.40 kB[22m[1m[22m[2m │ gzip:   1.20 kB[22m
[2mdist/[22m[36massets/Checkbox-D2kO53sl.js                  [39m[1m[2m  2.51 kB[22m[1m[22m[2m │ gzip:   1.17 kB[22m
[2mdist/[22m[36massets/FormControlLabel-C6SVxCkQ.js          [39m[1m[2m  2.63 kB[22m[1m[22m[2m │ gzip:   1.20 kB[22m
[2mdist/[22m[36massets/Radio-DR0OoxFL.js                     [39m[1m[2m  3.32 kB[22m[1m[22m[2m │ gzip:   1.50 kB[22m
[2mdist/[22m[36massets/MenuItem-CBLeO2-f.js                  [39m[1m[2m  3.54 kB[22m[1m[22m[2m │ gzip:   1.38 kB[22m
[2mdist/[22m[36massets/Skeleton-pmlbumdN.js                  [39m[1m[2m  4.34 kB[22m[1m[22m[2m │ gzip:   2.04 kB[22m
[2mdist/[22m[36massets/Alert-DeSi1cyj.js                     [39m[1m[2m  5.06 kB[22m[1m[22m[2m │ gzip:   2.04 kB[22m
[2mdist/[22m[36massets/ContactShadows-BKM9OoRM.js            [39m[1m[2m  5.62 kB[22m[1m[22m[2m │ gzip:   1.98 kB[22m
[2mdist/[22m[36massets/Profile-CtvKwuRU.js                   [39m[1m[2m  6.25 kB[22m[1m[22m[2m │ gzip:   2.31 kB[22m
[2mdist/[22m[36massets/Shop-iSENI8UR.js                      [39m[1m[2m  6.33 kB[22m[1m[22m[2m │ gzip:   2.93 kB[22m
[2mdist/[22m[36massets/Snackbar-BbTDbOBT.js                  [39m[1m[2m  6.69 kB[22m[1m[22m[2m │ gzip:   2.59 kB[22m
[2mdist/[22m[36massets/Cart-Ch6rg9hI.js                      [39m[1m[2m  6.73 kB[22m[1m[22m[2m │ gzip:   2.66 kB[22m
[2mdist/[22m[36massets/VisualOptionCard-Dz6eprvz.js          [39m[1m[2m  6.97 kB[22m[1m[22m[2m │ gzip:   2.76 kB[22m
[2mdist/[22m[36massets/TableRow-D-0Vo-8t.js                  [39m[1m[2m  6.99 kB[22m[1m[22m[2m │ gzip:   2.28 kB[22m
[2mdist/[22m[36massets/Frame3DPreviewAdmin-izt6pTDm.js       [39m[1m[2m  7.03 kB[22m[1m[22m[2m │ gzip:   2.59 kB[22m
[2mdist/[22m[36massets/ProductCard-4Z3I7hme.js               [39m[1m[2m  7.06 kB[22m[1m[22m[2m │ gzip:   3.14 kB[22m
[2mdist/[22m[36massets/Frame3DPreview-DHE6x0iJ.js            [39m[1m[2m  7.26 kB[22m[1m[22m[2m │ gzip:   2.83 kB[22m
[2mdist/[22m[36massets/OrderTracking-DGQrmFsX.js             [39m[1m[2m  7.39 kB[22m[1m[22m[2m │ gzip:   3.04 kB[22m
[2mdist/[22m[36massets/Rating-MlsuTXSk.js                    [39m[1m[2m  7.42 kB[22m[1m[22m[2m │ gzip:   3.03 kB[22m
[2mdist/[22m[36massets/MyOrders-BU8JJCdS.js                  [39m[1m[2m  8.70 kB[22m[1m[22m[2m │ gzip:   3.24 kB[22m
[2mdist/[22m[36massets/Chip-wjQIALDs.js                      [39m[1m[2m  9.36 kB[22m[1m[22m[2m │ gzip:   2.78 kB[22m
[2mdist/[22m[36massets/Print-Dd7vIWx-.js                     [39m[1m[2m  9.77 kB[22m[1m[22m[2m │ gzip:   3.14 kB[22m
[2mdist/[22m[36massets/Pagination-BVsV4gvC.js                [39m[1m[2m  9.98 kB[22m[1m[22m[2m │ gzip:   3.11 kB[22m
[2mdist/[22m[36massets/ProductDetail-D-MvozvO.js             [39m[1m[2m 10.09 kB[22m[1m[22m[2m │ gzip:   4.05 kB[22m
[2mdist/[22m[36massets/AdminChat-Dc1TI9jd.js                 [39m[1m[2m 11.16 kB[22m[1m[22m[2m │ gzip:   4.19 kB[22m
[2mdist/[22m[36massets/AdminDashboard-DWtfIRR_.js            [39m[1m[2m 12.53 kB[22m[1m[22m[2m │ gzip:   4.56 kB[22m
[2mdist/[22m[36massets/Checkout-iWBo3RXY.js                  [39m[1m[2m 14.35 kB[22m[1m[22m[2m │ gzip:   5.30 kB[22m
[2mdist/[22m[36massets/ProductCustomizerPage-J9zNc7QC.js     [39m[1m[2m 15.33 kB[22m[1m[22m[2m │ gzip:   5.24 kB[22m
[2mdist/[22m[36massets/ChocolateHamper3DPreview-CgGHoVa8.js  [39m[1m[2m 16.44 kB[22m[1m[22m[2m │ gzip:   4.44 kB[22m
[2mdist/[22m[36massets/MugCustomizerPage-Cfgo04Cx.js         [39m[1m[2m 18.14 kB[22m[1m[22m[2m │ gzip:   6.43 kB[22m
[2mdist/[22m[36massets/Home-Cng80DAf.js                      [39m[1m[2m 18.38 kB[22m[1m[22m[2m │ gzip:   6.33 kB[22m
[2mdist/[22m[36massets/GiftBoxCustomizerPage-BG0TMlBQ.js     [39m[1m[2m 20.15 kB[22m[1m[22m[2m │ gzip:   7.24 kB[22m
[2mdist/[22m[36massets/ChocolateHamperPage-UoJwoQhP.js       [39m[1m[2m 22.82 kB[22m[1m[22m[2m │ gzip:   7.91 kB[22m
[2mdist/[22m[36massets/security-Cg9ZXXTU.js                  [39m[1m[2m 23.14 kB[22m[1m[22m[2m │ gzip:   8.98 kB[22m
[2mdist/[22m[36massets/Mug3DPreview-CNPAFDoZ.js              [39m[1m[2m 24.52 kB[22m[1m[22m[2m │ gzip:   6.72 kB[22m
[2mdist/[22m[36massets/ImageEnhancerPanel-dZlhi4N6.js        [39m[1m[2m 29.74 kB[22m[1m[22m[2m │ gzip:   9.96 kB[22m
[2mdist/[22m[36massets/ManageProducts-C5lei-l6.js            [39m[1m[2m 35.17 kB[22m[1m[22m[2m │ gzip:  11.39 kB[22m
[2mdist/[22m[36massets/FrameCustomizerPage-D6q-zmQv.js       [39m[1m[2m 37.88 kB[22m[1m[22m[2m │ gzip:  13.13 kB[22m
[2mdist/[22m[36massets/Environment-LQQU3NJa.js               [39m[1m[2m 53.47 kB[22m[1m[22m[2m │ gzip:  19.15 kB[22m
[2mdist/[22m[36massets/ManageOrders-WRMwp51P.js              [39m[1m[2m 58.64 kB[22m[1m[22m[2m │ gzip:  15.25 kB[22m
[2mdist/[22m[36massets/GiftBox3DPreview-Bf8vzeGe.js          [39m[1m[2m136.70 kB[22m[1m[22m[2m │ gzip:  48.52 kB[22m
[2mdist/[22m[36massets/OrbitControls-CBBoxYgG.js             [39m[1m[2m146.99 kB[22m[1m[22m[2m │ gzip:  47.41 kB[22m
[2mdist/[22m[36massets/index-C8HegNeR.js                     [39m[1m[2m282.74 kB[22m[1m[22m[2m │ gzip:  87.02 kB[22m
[2mdist/[22m[36massets/index-BXBz-Ic8.js                     [39m[1m[33m619.49 kB[39m[22m[2m │ gzip: 201.41 kB[22m
[2mdist/[22m[36massets/three.module-z6-8oLrM.js              [39m[1m[33m683.72 kB[39m[22m[2m │ gzip: 176.24 kB[22m
node.exe : [33m
At line:1 char:1
+ & "C:\Program Files\nodejs/node.exe" "C:\Program Files\nodejs/node_mo ...
+ ~~~~~~~~~~~~~~~~~~~~~~~~~~~~~~~~~~~~~~~~~~~~~~~~~~~~~~~~~~~~~~~~~~~~~
    + CategoryInfo          : NotSpecified: ([33m:String) [], RemoteException
    + FullyQualifiedErrorId : NativeCommandError
 
(!) Some chunks are larger than 500 kB after minification. Consider:
- Using dynamic import() to code-split the application
- Use build.rollupOptions.output.manualChunks to improve chunking: 
https://rollupjs.org/configuration-options/#output-manualchunks
- Adjust chunk size limit for this warning via build.chunkSizeWarningLimit.[39m
[32m✓ built in 23.41s[39m
